---
source: crates/sid-widgets/src/form/render.rs
expression: s
---
┌ ✦ Connection ────────────────────────────────────────────┐
│Connection                                                │
│                                                          │
│             ┌───────────────────────────────────────────┐│
│        name │>                                          ││
│             └───────────────────────────────────────────┘│
│  required                                                │
│                                                          │
│                                                          │
│[ Save ⏎ ]                                                │
└──────────────────────────────────────────────────────────┘
