---
source: crates/sid-widgets/src/network.rs
expression: s
---
┌ ✦ Interface: eth0 ───────────────────────────────────────┐
│Interface                                                 │
│                                                          │
│Status        up (default route)                          │
│Addresses     192.168.1.10                                │
│RX            1.4M                                        │
│TX            293.0K                                      │
│                                                          │
│sid prefs                                                 │
│                                                          │
│             ┌───────────────────────────────────────────┐│
│  Pin to top │> [ ]                                      ││
│             └───────────────────────────────────────────┘│
│             ┌───────────────────────────────────────────┐│
│Display ali… │  e.g. work-lan                            ││
│             └───────────────────────────────────────────┘│
│                                                          │
│                                                          │
│                                                          │
│              OS-level interface configuration is not supp│
│                                                          │
│                                                          │
│[ Save ⏎ ]                                                │
└──────────────────────────────────────────────────────────┘
