---
source: crates/sid-widgets/src/ssh.rs
expression: s
---
┌ Hosts ───────────────────────┐┌ Status ──────────────────────────────────────┐
│> + add new                   ││● Disconnected                                │
│  ○ staging                   │└──────────────────────────────────────────────┘
│                              │┌ (no host selected) ──────────────────────────┐
│                              ││Select a host with j/k, Enter to connect.     │
│                              ││Tab toggles SFTP panel.                       │
│                              ││                                              │
│                              ││                                              │
│                              ││                                              │
│                              ││                                              │
│                              ││                                              │
│                              ││                                              │
│                              ││                                              │
│                              ││                                              │
│                              │└──────────────────────────────────────────────┘
└──────────────────────────────┘ (no recent commands)
