---
source: crates/sid-fx/tests/starfield.rs
expression: rendered
---
                                        
            ·                           
                                 ✦      
            ·                           
                                        
                                        
        ·    ·                          
                                        
                                        
                       ·
