---
source: crates/sid-fx/tests/supernovae.rs
assertion_line: 265
expression: rendered
---
                                        
                                        
                                        
                                        
                   ·✦·                  
                  ✦✦*✦✦                 
                   ·✦·
