---
source: crates/sid-ui/tests/snapshots.rs
assertion_line: 98
expression: rows
---
- ┌ ✦   example   ───────────────────────┐
- │                                      │
- │                                      │
- │                                      │
- │                                      │
- └──────────────────────────────────────┘
