---
source: crates/sid-widgets/src/settings/behavior_toggles.rs
expression: s
---
┌ Behavior ────────────────────────────────────────────────┐
│> Auto-restore session                 ask                │
│  State persist debounce (ms)          250                │
│  Session heartbeat interval (s)       5                  │
│  Default tab on launch                workspaces         │
│  Use OS keyring for secrets (requires restart) off       │
│                                                          │
│                                                          │
│                                                          │
│                                                          │
│                                                          │
└──────────────────────────────────────────────────────────┘
border_top_left: fg=Rgb(212, 65, 65) modifier=NONE
title_first_char: symbol="B" fg=Rgb(230, 230, 240) modifier=BOLD
