---
source: crates/sid-widgets/src/settings/live_preview.rs
expression: s
---
┌──────────────────────────────────────┐
│✦ dusk ✦                              │
│  primary accent row                  │
│  muted secondary text                │
│  success ok                          │
│                                      │
│                                      │
│                                      │
│                                      │
│                                      │
│Enter to apply  ·  Esc to cancel      │
└──────────────────────────────────────┘
