---
source: crates/sid-widgets/src/settings/quick_actions.rs
expression: s
---
┌ Quick actions ───────────────────────────────────────────┐
│> qa.test          Test                 [-]               │
│                                                          │
│                                                          │
│                                                          │
│                                                          │
│                                                          │
└──────────────────────────────────────────────────────────┘
border_top_left: fg=Rgb(74, 74, 96) modifier=NONE
title_first_char: symbol="Q" fg=Rgb(230, 230, 240) modifier=NONE
