---
source: crates/sid-widgets/tests/database_render.rs
expression: s
---
┌ Connections ───────────────┐┌ SQL ───────────────────────────────────────────────────────────────┐
│(no connections — `sid db ad││                                                                    │
│                            ││                                                                    │
│                            ││                                                                    │
│                            ││                                                                    │
│                            ││                                                                    │
│                            │└────────────────────────────────────────────────────────────────────┘
│                            │┌ Results · no results yet ──────────────────────────────────────────┐
│                            ││(no query has run yet — Ctrl+R to execute)                          │
│                            ││                                                                    │
│                            ││                                                                    │
│                            ││                                                                    │
│                            ││                                                                    │
│                            ││                                                                    │
│                            ││                                                                    │
│                            ││                                                                    │
│                            ││                                                                    │
│                            ││                                                                    │
│                            ││                                                                    │
│                            ││                                                                    │
│                            ││                                                                    │
│                            ││                                                                    │
│                            │└────────────────────────────────────────────────────────────────────┘
└────────────────────────────┘Tab cycles right pane · Ctrl+R run query · Ctrl+E export CSV · current
