---
source: crates/sid-widgets/tests/modal.rs
expression: s
---
                                                                                
                                                                                
                                                                                
                                                                                
                                                                                
                                                                                
                                                                                
                                                                                
                ┌ ✦ Set Password ──────────────────────────────┐                
                │  passphrase                                  │                
                │> •••••••••                                   │                
                │                                              │                
                │  [ Enter: Save ]   [ Esc: Cancel ]           │                
                │                                              │                
                └──────────────────────────────────────────────┘
