---
source: crates/sid-widgets/tests/network_widget_snapshot.rs
expression: s
---
┌ Interfaces ────────┐┌ Listening ports ───────────────────────────────────────┐
│                    ││PORT    PID     PROTO  COMMAND        ADDR              │
│                    ││                                                        │
│                    ││                                                        │
│                    ││                                                        │
│                    ││                                                        │
│                    ││                                                        │
│                    ││                                                        │
│                    ││                                                        │
│                    ││                                                        │
│                    │└────────────────────────────────────────────────────────┘
│                    │┌ Processes ─────────────────────────────────────────────┐
│                    ││PID     NAME                    CPU%   RSS      USER    │
│                    ││                                                        │
│                    ││                                                        │
│                    ││                                                        │
│                    ││                                                        │
│                    ││                                                        │
│                    ││                                                        │
│                    ││                                                        │
│                    ││                                                        │
│                    ││                                                        │
│                    ││                                                        │
└────────────────────┘└────────────────────────────────────────────────────────┘
