---
source: crates/sid-widgets/tests/settings_render.rs
expression: s
---
┌ Categories ──────┐┌ DB path ─────────────────────────────────────────────────┐
│> * DB path       ││active : /var/lib/sid/sid.redb                            │
│  o Reset to defau││override: (none)                                          │
│                  ││edit   : (Enter to edit)                                  │
│                  ││                                                          │
│                  ││                                                          │
│                  ││                                                          │
│                  ││                                                          │
│                  ││                                                          │
│                  ││                                                          │
│                  ││                                                          │
└──────────────────┘└──────────────────────────────────────────────────────────┘
