---
source: crates/sid-widgets/tests/settings_render.rs
expression: s
---
┌ Settings ────────────────────────────────────────────────────────────────────┐
│(no categories)                                                               │
│                                                                              │
│                                                                              │
│                                                                              │
│                                                                              │
│                                                                              │
│                                                                              │
│                                                                              │
│                                                                              │
│                                                                              │
└──────────────────────────────────────────────────────────────────────────────┘
