---
source: crates/sid-widgets/tests/settings_render.rs
expression: s
---
┌ Categories ──────┐┌ Workspace roots ─────────────────────────────────────────┐
│> * Workspace root││> /home/example/vcs                                       │
│  o Reset to defau││  /srv/projects                                           │
│                  ││                                                          │
│                  ││                                                          │
│                  ││                                                          │
│                  ││                                                          │
│                  ││                                                          │
│                  ││                                                          │
│                  ││                                                          │
│                  ││                                                          │
│                  ││                                                          │
│                  ││                                                          │
│                  ││                                                          │
│                  ││                                                          │
│                  ││                                                          │
│                  ││                                                          │
│                  ││                                                          │
│                  ││                                                          │
└──────────────────┘└──────────────────────────────────────────────────────────┘
┌ Recent logs ─────────────────────────────────────────────────────────────────┐
│(no logs)                                                                     │
│                                                                              │
└──────────────────────────────────────────────────────────────────────────────┘
