---
source: crates/sid-widgets/tests/settings_render.rs
expression: s
---
┌ Categories ──────┐┌ Keybinds ────────────────────────────────────────────────┐
│> * Keybinds      ││> app.help                 (unbound)                      │
│  o Reset to defau││  app.quit                 KeyChord { code: Char('q'), mod│
│                  ││  workspaces.next          (unbound)                      │
│                  ││                                                          │
│                  ││                                                          │
│                  ││                                                          │
│                  ││                                                          │
│                  ││                                                          │
│                  ││                                                          │
│                  ││                                                          │
│                  ││                                                          │
│                  ││                                                          │
│                  ││                                                          │
│                  ││                                                          │
│                  ││                                                          │
│                  ││                                                          │
│                  ││                                                          │
│                  ││                                                          │
└──────────────────┘└──────────────────────────────────────────────────────────┘
┌ Recent logs ─────────────────────────────────────────────────────────────────┐
│(no logs)                                                                     │
│                                                                              │
└──────────────────────────────────────────────────────────────────────────────┘
