---
source: crates/sid-widgets/tests/settings_render.rs
expression: s
---
┌ Categories ──────┐┌ Behavior ────────────────────────────────────────────────┐
│> * Behavior      ││> Auto-restore session                 ask                │
│  o Reset to defau││  State persist debounce (ms)          250                │
│                  ││  Session heartbeat interval (s)       5                  │
│                  ││  Default tab on launch                workspaces         │
│                  ││  Use OS keyring for secrets (requires restart) off       │
│                  ││  Config editor (System tab)           nano               │
│                  ││                                                          │
│                  ││                                                          │
│                  ││                                                          │
│                  ││                                                          │
│                  ││                                                          │
│                  ││                                                          │
│                  ││                                                          │
│                  ││                                                          │
│                  ││                                                          │
│                  ││                                                          │
│                  ││                                                          │
│                  ││                                                          │
└──────────────────┘└──────────────────────────────────────────────────────────┘
┌ Recent logs ─────────────────────────────────────────────────────────────────┐
│(no logs)                                                                     │
│                                                                              │
└──────────────────────────────────────────────────────────────────────────────┘
