---
source: crates/sid-widgets/tests/settings_render.rs
expression: s
---
┌ Categories ──────┐┌ Quick actions ───────────────────────────────────────────┐
│> * Quick actions ││> qa.build         Build                [Char('b')|2]     │
│  o Reset to defau││  qa.test          Test                 [-]               │
│                  ││                                                          │
│                  ││                                                          │
│                  ││                                                          │
│                  ││                                                          │
│                  ││                                                          │
│                  ││                                                          │
│                  ││                                                          │
│                  ││                                                          │
│                  ││                                                          │
│                  ││                                                          │
│                  ││                                                          │
│                  ││                                                          │
│                  ││                                                          │
│                  ││                                                          │
│                  ││                                                          │
│                  ││                                                          │
│                  ││                                                          │
│                  ││                                                          │
│                  ││                                                          │
│                  ││                                                          │
└──────────────────┘└──────────────────────────────────────────────────────────┘
