---
source: crates/sid-widgets/tests/ssh_render.rs
expression: s
---
┌ Hosts (j/k Enter) ───────────┐┌ Status ──────────────────────────────────────┐
│> ● github.com (cfg)          ││● Disconnected                                │
│  ○ my-prod-server            │└──────────────────────────────────────────────┘
│  ○ staging-bastion           │┌ Session ─────────────────────────────────────┐
│                              ││Select a host with j/k, Enter to connect.     │
│                              ││Tab toggles SFTP panel.                       │
│                              ││                                              │
│                              ││                                              │
│                              ││                                              │
│                              ││                                              │
│                              ││                                              │
│                              ││                                              │
│                              ││                                              │
│                              ││                                              │
│                              │└──────────────────────────────────────────────┘
└──────────────────────────────┘ (no recent commands)
