---
source: crates/sid-widgets/tests/ssh_render.rs
expression: s
---
┌ Hosts ───────────────────────┐┌ Status ──────────────────────────────────────┐
│> ● my-prod-server            ││● Connected to my-prod-server                 │
│                              │└──────────────────────────────────────────────┘
│                              │┌ my-prod-server ──────────────────────────────┐
│                              ││(waiting for output…)                         │
│                              ││                                              │
│                              ││                                              │
│                              ││                                              │
│                              ││                                              │
│                              ││                                              │
│                              ││                                              │
│                              ││                                              │
│                              ││                                              │
│                              ││                                              │
│                              │└──────────────────────────────────────────────┘
└──────────────────────────────┘ (no recent commands)
