---
source: crates/sid-widgets/tests/ssh_render.rs
expression: s
---
┌ Hosts (j/k Enter) ───────────┐┌ Status ──────────────────────────────────────┐
│  (no hosts configured)       ││● Disconnected                                │
│                              │└──────────────────────────────────────────────┘
│                              │┌ Session ─────────────────────────────────────┐
│                              ││Select a host with j/k, Enter to connect.     │
│                              ││Tab toggles SFTP panel.                       │
│                              ││                                              │
│                              ││                                              │
│                              ││                                              │
│                              ││                                              │
│                              ││                                              │
│                              ││                                              │
│                              ││                                              │
│                              ││                                              │
│                              │└──────────────────────────────────────────────┘
└──────────────────────────────┘ (no recent commands)
