---
source: crates/sid-widgets/tests/ssh_render.rs
expression: s
---
┌ Hosts ───────────────────────┐┌ Status ──────────────────────────────────────┐
│> ● my-prod-server            ││● Connected to my-prod-server                 │
│                              │└──────────────────────────────────────────────┘
│                              │┌ SFTP · my-prod-server ───────────────────────┐
│                              ││cwd: /var/log                                 │
│                              ││    syslog                                    │
│                              ││  / nginx                                     │
│                              ││                                              │
│                              ││                                              │
│                              ││                                              │
│                              ││                                              │
│                              ││                                              │
│                              ││                                              │
│                              ││                                              │
│                              │└──────────────────────────────────────────────┘
└──────────────────────────────┘ (no recent commands)
